Type "help", "copyright", "credits" or "license" for more information.
>>> d = {1:'one', 2:'two', 3:'three'}
>>> d.keys()
dict_keys([1, 2, 3])
>>> d.items()
dict_items([(1, 'one'), (2, 'two'), (3, 'three')])
>>> d.values()
dict_values(['one', 'two', 'three'])
>>> len()
Traceback (most recent call last):
  File "<stdin>", line 1, in <module>
TypeError: len() takes exactly one argument (0 given)
>>> len(d)
3